06-10 10:50:51.183 21446 21467 I TestRunner: started: test(com.kaspersky.kaspresso.tutorial.AfterLoginActivityTest)
06-10 10:50:51.196   861   948 D EGL_emulation: app_time_stats: avg=20513.46ms min=20513.46ms max=20513.46ms count=1
06-10 10:50:51.200 21446 21467 W FileTestStorage: Output properties is not supported.
06-10 10:50:51.202 21446 21467 E AndroidXTracer: enableTracing failed. You may need to upgrade your androidx.tracing:tracing version
06-10 10:50:51.202 21446 21467 E AndroidXTracer: java.lang.NoSuchMethodError: No static method forceEnableAppTracing()V in class Landroidx/tracing/Trace; or its super classes (declaration of 'androidx.tracing.Trace' appears in /data/app/~~RoIe8KopxxkSHLaMFEnO0w==/com.kaspersky.kaspresso.tutorial-cbKicXMxEoYleeqiY9WCQw==/base.apk)
06-10 10:50:51.202 21446 21467 E AndroidXTracer: 	at androidx.test.platform.tracing.AndroidXTracer.enableTracing(AndroidXTracer.java:57)
06-10 10:50:51.202 21446 21467 E AndroidXTracer: 	at androidx.test.platform.tracing.Tracing.<init>(Tracing.java:53)
06-10 10:50:51.202 21446 21467 E AndroidXTracer: 	at androidx.test.platform.tracing.Tracing.<clinit>(Tracing.java:49)
06-10 10:50:51.202 21446 21467 E AndroidXTracer: 	at androidx.test.espresso.base.BaseLayerModule.providesTracing(BaseLayerModule.java:1)
06-10 10:50:51.202 21446 21467 E AndroidXTracer: 	at androidx.test.espresso.base.BaseLayerModule_ProvidesTracingFactory.providesTracing(BaseLayerModule_ProvidesTracingFactory.java:1)
06-10 10:50:51.202 21446 21467 E AndroidXTracer: 	at androidx.test.espresso.base.BaseLayerModule_ProvidesTracingFactory.get(BaseLayerModule_ProvidesTracingFactory.java:1)
06-10 10:50:51.202 21446 21467 E AndroidXTracer: 	at androidx.test.espresso.base.BaseLayerModule_ProvidesTracingFactory.get(BaseLayerModule_ProvidesTracingFactory.java:2)
06-10 10:50:51.202 21446 21467 E AndroidXTracer: 	at androidx.test.espresso.core.internal.deps.dagger.internal.DoubleCheck.get(DoubleCheck.java:6)
06-10 10:50:51.202 21446 21467 E AndroidXTracer: 	at androidx.test.espresso.base.IdlingResourceRegistry_Factory.get(IdlingResourceRegistry_Factory.java:1)
06-10 10:50:51.202 21446 21467 E AndroidXTracer: 	at androidx.test.espresso.base.IdlingResourceRegistry_Factory.get(IdlingResourceRegistry_Factory.java:2)
06-10 10:50:51.202 21446 21467 E AndroidXTracer: 	at androidx.test.espresso.core.internal.deps.dagger.internal.DoubleCheck.get(DoubleCheck.java:6)
06-10 10:50:51.202 21446 21467 E AndroidXTracer: 	at androidx.test.espresso.DaggerBaseLayerComponent$BaseLayerComponentImpl.idlingResourceRegistry(DaggerBaseLayerComponent.java:1)
06-10 10:50:51.202 21446 21467 E AndroidXTracer: 	at androidx.test.espresso.Espresso.<clinit>(Espresso.java:3)
06-10 10:50:51.202 21446 21467 E AndroidXTracer: 	at com.kaspersky.kaspresso.kaspresso.Kaspresso$Builder.build$kaspresso_release(Kaspresso.kt:985)
06-10 10:50:51.202 21446 21467 E AndroidXTracer: 	at com.kaspersky.kaspresso.testcases.api.testcase.BaseTestCase.<init>(BaseTestCase.kt:34)
06-10 10:50:51.202 21446 21467 E AndroidXTracer: 	at com.kaspersky.kaspresso.testcases.api.testcase.BaseTestCase.<init>(BaseTestCase.kt:28)
06-10 10:50:51.202 21446 21467 E AndroidXTracer: 	at com.kaspersky.kaspresso.testcases.api.testcase.TestCase.<init>(TestCase.kt:14)
06-10 10:50:51.202 21446 21467 E AndroidXTracer: 	at com.kaspersky.kaspresso.testcases.api.testcase.TestCase.<init>(TestCase.kt:12)
06-10 10:50:51.202 21446 21467 E AndroidXTracer: 	at com.kaspersky.kaspresso.tutorial.AfterLoginActivityTest.<init>(AfterLoginActivityTest.kt:8)
06-10 10:50:51.202 21446 21467 E AndroidXTracer: 	at java.lang.reflect.Constructor.newInstance0(Native Method)
06-10 10:50:51.202 21446 21467 E AndroidXTracer: 	at java.lang.reflect.Constructor.newInstance(Constructor.java:343)
06-10 10:50:51.202 21446 21467 E AndroidXTracer: 	at org.junit.runners.BlockJUnit4ClassRunner.createTest(BlockJUnit4ClassRunner.java:250)
06-10 10:50:51.202 21446 21467 E AndroidXTracer: 	at org.junit.runners.BlockJUnit4ClassRunner.createTest(BlockJUnit4ClassRunner.java:260)
06-10 10:50:51.202 21446 21467 E AndroidXTracer: 	at org.junit.runners.BlockJUnit4ClassRunner$2.runReflectiveCall(BlockJUnit4ClassRunner.java:309)
06-10 10:50:51.202 21446 21467 E AndroidXTracer: 	at org.junit.internal.runners.model.ReflectiveCallable.run(ReflectiveCallable.java:12)
06-10 10:50:51.202 21446 21467 E AndroidXTracer: 	at org.junit.runners.BlockJUnit4ClassRunner.methodBlock(BlockJUnit4ClassRunner.java:306)
06-10 10:50:51.202 21446 21467 E AndroidXTracer: 	at org.junit.runners.BlockJUnit4ClassRunner$1.evaluate(BlockJUnit4ClassRunner.java:100)
06-10 10:50:51.202 21446 21467 E AndroidXTracer: 	at org.junit.runners.ParentRunner.runLeaf(ParentRunner.java:366)
06-10 10:50:51.202 21446 21467 E AndroidXTracer: 	at org.junit.runners.BlockJUnit4ClassRunner.runChild(BlockJUnit4ClassRunner.java:103)
06-10 10:50:51.202 21446 21467 E AndroidXTracer: 	at org.junit.runners.BlockJUnit4ClassRunner.runChild(BlockJUnit4ClassRunner.java:63)
06-10 10:50:51.202 21446 21467 E AndroidXTracer: 	at org.junit.runners.ParentRunner$4.run(ParentRunner.java:331)
06-10 10:50:51.202 21446 21467 E AndroidXTracer: 	at org.junit.runners.ParentRunner$1.schedule(ParentRunner.java:79)
06-10 10:50:51.202 21446 21467 E AndroidXTracer: 	at org.junit.runners.ParentRunner.runChildren(ParentRunner.java:329)
06-10 10:50:51.202 21446 21467 E AndroidXTracer: 	at org.junit.runners.ParentRunner.access$100(ParentRunner.java:66)
06-10 10:50:51.202 21446 21467 E AndroidXTracer: 	at org.junit.runners.ParentRunner$2.evaluate(ParentRunner.java:293)
06-10 10:50:51.202 21446 21467 E AndroidXTracer: 	at org.junit.runners.ParentRunner$3.evaluate(ParentRunner.java:306)
06-10 10:50:51.202 21446 21467 E AndroidXTracer: 	at org.junit.runners.ParentRunner.run(ParentRunner.java:413)
06-10 10:50:51.202 21446 21467 E AndroidXTracer: 	at org.junit.runners.Suite.runChild(Suite.java:128)
06-10 10:50:51.202 21446 21467 E AndroidXTracer: 	at org.junit.runners.Suite.runChild(Suite.java:27)
06-10 10:50:51.202 21446 21467 E AndroidXTracer: 	at org.junit.runners.ParentRunner$4.run(ParentRunner.java:331)
06-10 10:50:51.202 21446 21467 E AndroidXTracer: 	at org.junit.runners.ParentRunner$1.schedule(ParentRunner.java:79)
06-10 10:50:51.202 21446 21467 E AndroidXTracer: 	at org.junit.runners.ParentRunner.runChildren(ParentRunner.java:329)
06-10 10:50:51.202 21446 21467 E AndroidXTracer: 	at org.junit.runners.ParentRunner.access$100(ParentRunner.java:66)
06-10 10:50:51.202 21446 21467 E AndroidXTracer: 	at org.junit.runners.ParentRunner$2.evaluate(ParentRunner.java:293)
06-10 10:50:51.202 21446 21467 E AndroidXTracer: 	at org.junit.runners.ParentRunner$3.evaluate(ParentRunner.java:306)
06-10 10:50:51.202 21446 21467 E AndroidXTracer: 	at org.junit.runners.ParentRunner.run(ParentRunner.java:413)
06-10 10:50:51.202 21446 21467 E AndroidXTracer: 	at org.junit.runner.JUnitCore.run(JUnitCore.java:137)
06-10 10:50:51.202 21446 21467 E AndroidXTracer: 	at org.junit.runner.JUnitCore.run(JUnitCore.java:115)
06-10 10:50:51.202 21446 21467 E AndroidXTracer: 	at androidx.test.internal.runner.TestExecutor.execute(TestExecutor.java:67)
06-10 10:50:51.202 21446 21467 E AndroidXTracer: 	at androidx.test.internal.runner.TestExecutor.execute(TestExecutor.java:58)
06-10 10:50:51.202 21446 21467 E AndroidXTracer: 	at androidx.test.runner.AndroidJUnitRunner.onStart(AndroidJUnitRunner.java:446)
06-10 10:50:51.202 21446 21467 E AndroidXTracer: 	at android.app.Instrumentation$InstrumentationThread.run(Instrumentation.java:2402)
06-10 10:50:51.202 21446 21467 I Tracing : Tracer added: class androidx.test.platform.tracing.AndroidXTracer
06-10 10:50:51.206 21446 21467 W Settings: Setting always_finish_activities has moved from android.provider.Settings.System to android.provider.Settings.Global, returning read-only value.
06-10 10:50:51.225   349   349 W Zygote  : forkRepeatedly terminated due to non-simple command
06-10 10:50:51.225   349   349 D Zygote  : mbuffer starts with 15, nice name is com.android.chrome_zygote, mEnd = 417, mNext = 198, mLinesLeft = 6, mFd = 5
06-10 10:50:51.230   349   349 D Zygote  : Forked child process 21477
06-10 10:50:51.230 21446 21471 D libEGL  : loaded /vendor/lib64/egl/libEGL_emulation.so
06-10 10:50:51.231 21446 21471 D libEGL  : loaded /vendor/lib64/egl/libGLESv1_CM_emulation.so
06-10 10:50:51.231 21446 21471 D libEGL  : loaded /vendor/lib64/egl/libGLESv2_emulation.so
06-10 10:50:51.232   522   549 W ZygoteProcess: Got error connecting to zygote, retrying. msg= Connection refused
06-10 10:50:51.235   385   385 I BpBinder: onLastStrongRef automatically unlinking death recipients:
06-10 10:50:51.237 21446 21446 D LifecycleMonitor: Lifecycle status change: com.kaspersky.kaspresso.tutorial.MainActivity@75df264 in: PRE_ON_CREATE
06-10 10:50:51.237 21446 21446 V ActivityScenario: Activity lifecycle changed event received but ignored because the reported transition was not ON_CREATE while the last known transition was PRE_ON_CREATE
06-10 10:50:51.239   861   948 E OpenGLRenderer: Unable to match the desired swap behavior.
06-10 10:50:51.244 21446 21446 E presso.tutorial: Invalid resource ID 0x00000000.
06-10 10:50:51.246 21446 21446 D CompatibilityChangeReporter: Compat change id reported: 171228096; UID 10303; state: ENABLED
06-10 10:50:51.248 21446 21446 D CompatibilityChangeReporter: Compat change id reported: 210923482; UID 10303; state: DISABLED
06-10 10:50:51.248 21446 21446 D CompatibilityChangeReporter: Compat change id reported: 37756858; UID 10303; state: ENABLED
06-10 10:50:51.262 21477 21477 I libc    : SetHeapTaggingLevel: tag level set to 0
06-10 10:50:51.263 21477 21477 I d.chrome_zygote: Using CollectorTypeCC GC.
06-10 10:50:51.272  1102  1924 D EGL_emulation: app_time_stats: avg=74.70ms min=0.90ms max=1686.82ms count=23
06-10 10:50:51.274 21446 21446 W presso.tutorial: Accessing hidden method Landroid/view/View;->computeFitSystemWindows(Landroid/graphics/Rect;Landroid/graphics/Rect;)Z (unsupported, reflection, allowed)
06-10 10:50:51.274 21446 21446 W presso.tutorial: Accessing hidden method Landroid/view/ViewGroup;->makeOptionalFitsSystemWindows()V (unsupported, reflection, allowed)
06-10 10:50:51.277 21446 21446 D LifecycleMonitor: Lifecycle status change: com.kaspersky.kaspresso.tutorial.MainActivity@75df264 in: CREATED
06-10 10:50:51.277 21446 21446 V ActivityScenario: Update currentActivityStage to CREATED, currentActivity=com.kaspersky.kaspresso.tutorial.MainActivity@75df264
06-10 10:50:51.278 21446 21446 D LifecycleMonitor: Lifecycle status change: com.kaspersky.kaspresso.tutorial.MainActivity@75df264 in: STARTED
06-10 10:50:51.278 21446 21446 V ActivityScenario: Update currentActivityStage to STARTED, currentActivity=com.kaspersky.kaspresso.tutorial.MainActivity@75df264
06-10 10:50:51.279 21446 21446 D LifecycleMonitor: Lifecycle status change: com.kaspersky.kaspresso.tutorial.MainActivity@75df264 in: RESUMED
06-10 10:50:51.279 21446 21446 V ActivityScenario: Update currentActivityStage to RESUMED, currentActivity=com.kaspersky.kaspresso.tutorial.MainActivity@75df264
06-10 10:50:51.281 21446 21446 D CompatibilityChangeReporter: Compat change id reported: 237531167; UID 10303; state: DISABLED
06-10 10:50:51.282 21446 21446 W OpenGLRenderer: Unknown dataspace 0
06-10 10:50:51.282   522   549 I AppZygote: Starting application preload.
06-10 10:50:51.284 21477 21477 I AppZygoteInit: Beginning application preload for com.android.chrome
06-10 10:50:51.286 21477 21477 W ziparchive: Unable to open '/data/app/~~owgHV1f149_OeFNKjp_bGA==/com.google.android.trichromelibrary_567263634-8e1vpIoZ-7l4a4LCqnNB1Q==/TrichromeLibrary.dm': No such file or directory
06-10 10:50:51.286 21477 21477 W ziparchive: Unable to open '/data/app/~~owgHV1f149_OeFNKjp_bGA==/com.google.android.trichromelibrary_567263634-8e1vpIoZ-7l4a4LCqnNB1Q==/TrichromeLibrary.dm': No such file or directory
06-10 10:50:51.286 21477 21477 W d.chrome_zygote: Entry not found
06-10 10:50:51.288 21477 21477 D nativeloader: Configuring clns-6 for other apk /data/app/~~owgHV1f149_OeFNKjp_bGA==/com.google.android.trichromelibrary_567263634-8e1vpIoZ-7l4a4LCqnNB1Q==/TrichromeLibrary.apk. target_sdk_version=34, uses_libraries=ALL, library_path=/data/app/~~22nTzCyBjrK_1f-hAQqzkA==/com.android.chrome-FHnPqCgX-czWO5ZADQ2-9A==/lib/arm64:/data/app/~~22nTzCyBjrK_1f-hAQqzkA==/com.android.chrome-FHnPqCgX-czWO5ZADQ2-9A==/Chrome.apk!/lib/arm64-v8a:/data/app/~~owgHV1f149_OeFNKjp_bGA==/com.google.android.trichromelibrary_567263634-8e1vpIoZ-7l4a4LCqnNB1Q==/TrichromeLibrary.apk!/lib/arm64-v8a, permitted_path=/data:/mnt/expand
06-10 10:50:51.298   385   514 W ServiceManagerCppClient: Permission failure: android.permission.ROTATE_SURFACE_FLINGER from uid=10303 pid=0
06-10 10:50:51.298   385   514 D PermissionCache: checking android.permission.ROTATE_SURFACE_FLINGER for uid=10303 => denied (146 us)
06-10 10:50:51.298 21477 21477 D nativeloader: Configuring clns-7 for other apk /data/app/~~22nTzCyBjrK_1f-hAQqzkA==/com.android.chrome-FHnPqCgX-czWO5ZADQ2-9A==/Chrome.apk. target_sdk_version=34, uses_libraries=, library_path=/data/app/~~22nTzCyBjrK_1f-hAQqzkA==/com.android.chrome-FHnPqCgX-czWO5ZADQ2-9A==/lib/arm64:/data/app/~~22nTzCyBjrK_1f-hAQqzkA==/com.android.chrome-FHnPqCgX-czWO5ZADQ2-9A==/Chrome.apk!/lib/arm64-v8a:/data/app/~~owgHV1f149_OeFNKjp_bGA==/com.google.android.trichromelibrary_567263634-8e1vpIoZ-7l4a4LCqnNB1Q==/TrichromeLibrary.apk!/lib/arm64-v8a, permitted_path=/data:/mnt/expand
06-10 10:50:51.298   385   514 W ServiceManagerCppClient: Permission failure: android.permission.INTERNAL_SYSTEM_WINDOW from uid=10303 pid=0
06-10 10:50:51.298   385   514 D PermissionCache: checking android.permission.INTERNAL_SYSTEM_WINDOW for uid=10303 => denied (172 us)
06-10 10:50:51.298   385   514 W ServiceManagerCppClient: Permission failure: android.permission.ACCESS_SURFACE_FLINGER from uid=10303 pid=0
06-10 10:50:51.298   385   514 D PermissionCache: checking android.permission.ACCESS_SURFACE_FLINGER for uid=10303 => denied (225 us)
06-10 10:50:51.298   385  1330 W ServiceManagerCppClient: Permission failure: android.permission.ACCESS_SURFACE_FLINGER from uid=10303 pid=21446
06-10 10:50:51.298   385  1330 D PermissionCache: checking android.permission.ACCESS_SURFACE_FLINGER for uid=10303 => denied (195 us)
06-10 10:50:51.300 21477 21477 I cr_ZygotePreload: Loaded Zygote. version=113.0.5672.136 minSdkVersion=29 isBundle=true
06-10 10:50:51.304 21477 21477 I cr_LibraryLoader: Loading monochrome_64 from within /data/app/~~22nTzCyBjrK_1f-hAQqzkA==/com.android.chrome-FHnPqCgX-czWO5ZADQ2-9A==/Chrome.apk
06-10 10:50:51.304 21477 21477 I cr_Linker: loadLibraryImplLocked: monochrome_64, relroMode=1
06-10 10:50:51.307 21446 21469 W OpenGLRenderer: Failed to choose config with EGL_SWAP_BEHAVIOR_PRESERVED, retrying without...
06-10 10:50:51.307 21446 21469 W OpenGLRenderer: Failed to initialize 101010-2 format, error = EGL_SUCCESS
06-10 10:50:51.313   157   157 I hwservicemanager: getTransport: Cannot find entry android.hardware.graphics.mapper@4.0::IMapper/default in either framework or device VINTF manifest.
06-10 10:50:51.313 21446 21469 I Gralloc4: mapper 4.x is not supported
06-10 10:50:51.316 21446 21469 E OpenGLRenderer: Unable to match the desired swap behavior.
06-10 10:50:51.316   522   549 I AppZygote: Application preload done.
06-10 10:50:51.316 21477 21477 I AppZygoteInit: Application preload done
06-10 10:50:51.318 21477 21484 W d.chrome_zygote: Reducing the number of considered missed Gc histogram windows from 52844 to 100
06-10 10:50:51.321  1694  1694 I GsaVoiceInteractionSrv: Handling ACTION_STOP_HOTWORD
06-10 10:50:51.321  1694  2017 I HwDetectorWithState: (REDACTED) a: %d
06-10 10:50:51.322 21477 21477 I Zygote  : Entering forkRepeatedly native zygote loop
06-10 10:50:51.325 21477 21477 D Zygote  : Forked child process 21491
06-10 10:50:51.326 21491 21491 E libc    : SetHeapTaggingLevel: re-enabling tagging after it was disabled is not supported
06-10 10:50:51.327 21491 21491 I cessService0:12: Using CollectorTypeCC GC.
06-10 10:50:51.331 21491 21491 E cessService0:12: Not starting debugger since process cannot load the jdwp agent.
06-10 10:50:51.347   522  2200 W ServiceManagerCppClient: Permission failure: android.permission.ROTATE_SURFACE_FLINGER from uid=10303 pid=0
06-10 10:50:51.347   522  2200 D PermissionCache: checking android.permission.ROTATE_SURFACE_FLINGER for uid=10303 => denied (57 us)
06-10 10:50:51.347   522  2200 W ServiceManagerCppClient: Permission failure: android.permission.INTERNAL_SYSTEM_WINDOW from uid=10303 pid=0
06-10 10:50:51.347   522  2200 D PermissionCache: checking android.permission.INTERNAL_SYSTEM_WINDOW for uid=10303 => denied (8 us)
06-10 10:50:51.347   522  2200 W ServiceManagerCppClient: Permission failure: android.permission.ACCESS_SURFACE_FLINGER from uid=10303 pid=0
06-10 10:50:51.347   522  2200 D PermissionCache: checking android.permission.ACCESS_SURFACE_FLINGER for uid=10303 => denied (5 us)
06-10 10:50:51.348   522   538 W ziparchive: Unable to open '/data/app/~~RoIe8KopxxkSHLaMFEnO0w==/com.kaspersky.kaspresso.tutorial-cbKicXMxEoYleeqiY9WCQw==/base.dm': No such file or directory
06-10 10:50:51.349   522   538 I ActivityTaskManager: Displayed com.kaspersky.kaspresso.tutorial/.MainActivity for user 0: +137ms
06-10 10:50:51.358   522  2203 I ImeTracker: com.kaspersky.kaspresso.tutorial:1846e80a: onRequestHide at ORIGIN_SERVER_HIDE_INPUT reason HIDE_UNSPECIFIED_WINDOW
06-10 10:50:51.358   522  2203 I ImeTracker: com.kaspersky.kaspresso.tutorial:1846e80a: onCancelled at PHASE_SERVER_SHOULD_HIDE
06-10 10:50:51.360 19212 19212 I GoogleInputMethodService: GoogleInputMethodService.onFinishInput():3227
06-10 10:50:51.360 19212 19212 I GoogleInputMethodService: GoogleInputMethodService.updateDeviceLockedStatus():2087 repeatCheckTimes = 0, unlocked = true
06-10 10:50:51.361 19212 19212 I GoogleInputMethodService: GoogleInputMethodService.onStartInput():1877 onStartInput(EditorInfo{inputType=0x0(NULL) imeOptions=0x0 privateImeOptions=null actionName=UNSPECIFIED actionLabel=null actionId=0 initialSelStart=-1 initialSelEnd=-1 initialCapsMode=0x0 hintText=null label=null packageName=com.kaspersky.kaspresso.tutorial fieldId=0 fieldName=null extras=null}, false)
06-10 10:50:51.361 19212 19212 I GoogleInputMethodService: GoogleInputMethodService.shouldHideHeaderOnInitialState():4008 ShouldHideHeaderOnInitialState = false
06-10 10:50:51.361 19212 19212 I GoogleInputMethodService: GoogleInputMethodService.updateDeviceLockedStatus():2087 repeatCheckTimes = 2, unlocked = true
06-10 10:50:51.362 21491 21491 I ActivityThread: Relaunch all activities: onCoreSettingsChange
06-10 10:50:51.362 21491 21491 D CompatibilityChangeReporter: Compat change id reported: 171979766; UID 90000; state: ENABLED
06-10 10:50:51.362 21491 21491 D CompatibilityChangeReporter: Compat change id reported: 242716250; UID 90000; state: ENABLED
06-10 10:50:51.373 21491 21491 I LoadedApk: No resource references to update in package com.google.android.trichromelibrary
06-10 10:50:51.374 21491 21491 I cr_SplitCompatApp: Launched version=113.0.5672.136 minSdkVersion=29 isBundle=true processName=com.android.chrome:sandboxed_process0:org.chromium.content.app.SandboxedProcessService0:12 isIsolated=true
06-10 10:50:51.377 21491 21491 W SystemServiceRegistry: No service published for: uimode
06-10 10:50:51.378 21491 21491 W SystemServiceRegistry: No service published for: virtualdevice
06-10 10:50:51.378 21491 21491 I cr_ChildProcessService: Creating new ChildProcessService pid=21491
06-10 10:50:51.408 21491 21509 I cr_LibraryLoader: Successfully loaded native library
06-10 10:50:51.409 21491 21509 I cr_CachingUmaRecorder: Flushed 10 samples from 10 histograms.
06-10 10:50:51.424 21491 21491 W ThreadPoolForeg: type=1400 audit(0.0:6632): avc:  denied  { setattr } for  name="LICENSE.txt" dev="dm-39" ino=352786 scontext=u:r:isolated_app:s0:c512,c768 tcontext=u:object_r:app_data_file:s0:c150,c256,c512,c768 tclass=file permissive=0
06-10 10:50:51.424 21491 21491 W ThreadPoolForeg: type=1400 audit(0.0:6633): avc:  denied  { setattr } for  name=46696C746572696E672052756C6573 dev="dm-39" ino=352794 scontext=u:r:isolated_app:s0:c512,c768 tcontext=u:object_r:app_data_file:s0:c150,c256,c512,c768 tclass=file permissive=0
06-10 10:50:51.424 21491 21491 W ThreadPoolForeg: type=1400 audit(0.0:6634): avc:  denied  { setattr } for  name="manifest.json" dev="dm-39" ino=352870 scontext=u:r:isolated_app:s0:c512,c768 tcontext=u:object_r:app_data_file:s0:c150,c256,c512,c768 tclass=file permissive=0
06-10 10:50:51.424 21491 21491 W ThreadPoolForeg: type=1400 audit(0.0:6635): avc:  denied  { setattr } for  name="verified_contents.json" dev="dm-39" ino=352875 scontext=u:r:isolated_app:s0:c512,c768 tcontext=u:object_r:app_data_file:s0:c150,c256,c512,c768 tclass=file permissive=0
06-10 10:50:51.439   522   550 I libprocessgroup: Successfully killed process cgroup uid 90000 pid 21491 in 6ms
06-10 10:50:51.440 21477 21477 I Zygote  : Process 21491 exited due to signal 9 (Killed)
06-10 10:50:51.443   522   555 E system_server: updateValue is called with a value 23, which is lower than the previous value 39
06-10 10:50:51.555   861   948 D EGL_emulation: app_time_stats: avg=31196.99ms min=49.84ms max=155668.14ms count=5
06-10 10:50:51.560  1102  1148 I ImeTracker: com.google.android.apps.nexuslauncher:c2d06670: onRequestHide at ORIGIN_CLIENT_HIDE_SOFT_INPUT reason HIDE_SOFT_INPUT
06-10 10:50:51.561  1102  1148 I ImeTracker: com.google.android.apps.nexuslauncher:c2d06670: onFailed at PHASE_CLIENT_VIEW_SERVED
06-10 10:50:51.561  1102  2255 D OneSearchSuggestProvider: Shut down the binder channel
06-10 10:50:51.561  1102  7599 I IPCThreadState: oneway function results for code 2 on binder at 0xb400007eae6bdad0 will be dropped but finished with status UNKNOWN_TRANSACTION
06-10 10:50:51.562 21446 21446 D LifecycleMonitor: Lifecycle status change: com.kaspersky.kaspresso.tutorial.MainActivity@75df264 in: PAUSED
06-10 10:50:51.563 21446 21446 V ActivityScenario: Update currentActivityStage to PAUSED, currentActivity=com.kaspersky.kaspresso.tutorial.MainActivity@75df264
06-10 10:50:51.570   349   349 I Zygote  : Entering forkRepeatedly native zygote loop
06-10 10:50:51.585   385   385 I BpBinder: onLastStrongRef automatically unlinking death recipients:
06-10 10:50:51.601   349   349 D Zygote  : Forked child process 21517
06-10 10:50:51.606 21517 21517 I o.tutorial.test: Late-enabling -Xcheck:jni
06-10 10:50:51.615 21517 21517 I o.tutorial.test: Using CollectorTypeCC GC.
06-10 10:50:51.621  2211  2279 I adbd    : jdwp connection from 21517
06-10 10:50:51.626   861   948 E OpenGLRenderer: Unable to match the desired swap behavior.
06-10 10:50:51.643 21517 21517 I ActivityThread: Relaunch all activities: onCoreSettingsChange
06-10 10:50:51.644 21517 21517 D CompatibilityChangeReporter: Compat change id reported: 171979766; UID 10306; state: DISABLED
06-10 10:50:51.644 21517 21517 D CompatibilityChangeReporter: Compat change id reported: 242716250; UID 10306; state: DISABLED
06-10 10:50:51.650 21517 21517 D ApplicationLoaders: Returning zygote-cached class loader: /system/framework/android.test.base.jar
06-10 10:50:51.653 21517 21517 D nativeloader: Configuring clns-6 for other apk /system/framework/android.test.mock.jar. target_sdk_version=30, uses_libraries=ALL, library_path=/data/app/~~tlkgVMnVGfxiu_DHs8vGFQ==/com.kaspersky.kaspresso.tutorial.test-EEvBoa4Az5n5LnAff70__g==/lib/arm64, permitted_path=/data:/mnt/expand:/data/user/0/com.kaspersky.kaspresso.tutorial.test
06-10 10:50:51.653 21517 21517 D ApplicationLoaders: Returning zygote-cached class loader: /system/framework/android.test.base.jar
06-10 10:50:51.654 21517 21517 D nativeloader: Configuring clns-7 for other apk /system/framework/android.test.runner.jar. target_sdk_version=30, uses_libraries=ALL, library_path=/data/app/~~tlkgVMnVGfxiu_DHs8vGFQ==/com.kaspersky.kaspresso.tutorial.test-EEvBoa4Az5n5LnAff70__g==/lib/arm64, permitted_path=/data:/mnt/expand:/data/user/0/com.kaspersky.kaspresso.tutorial.test
06-10 10:50:51.655 21517 21517 W ziparchive: Unable to open '/data/app/~~tlkgVMnVGfxiu_DHs8vGFQ==/com.kaspersky.kaspresso.tutorial.test-EEvBoa4Az5n5LnAff70__g==/base.dm': No such file or directory
06-10 10:50:51.655 21517 21517 W ziparchive: Unable to open '/data/app/~~tlkgVMnVGfxiu_DHs8vGFQ==/com.kaspersky.kaspresso.tutorial.test-EEvBoa4Az5n5LnAff70__g==/base.dm': No such file or directory
06-10 10:50:51.668   861   939 W WindowOnBackDispatcher: sendCancelIfRunning: isInProgress=falsecallback=android.view.ViewRootImpl$$ExternalSyntheticLambda17@c6a4c7e
06-10 10:50:51.668   522  2154 W InputManager-JNI: Input channel object '1abc4e3 Splash Screen com.kaspersky.kaspresso.tutorial (client)' was disposed without first being removed with the input manager!
06-10 10:50:51.677  1102  1121 W System  : A resource failed to call release.
06-10 10:50:51.677  1102  1121 W System  : A resource failed to call release.
06-10 10:50:51.677  1102  1121 W System  : A resource failed to call release.
06-10 10:50:51.677  1102  1121 W System  : A resource failed to call release.
06-10 10:50:51.677  1102  1121 W System  : A resource failed to call release.
06-10 10:50:51.677  1102  1121 W System  : A resource failed to call release.
06-10 10:50:51.698 21517 21517 D nativeloader: Configuring clns-8 for other apk /data/app/~~tlkgVMnVGfxiu_DHs8vGFQ==/com.kaspersky.kaspresso.tutorial.test-EEvBoa4Az5n5LnAff70__g==/base.apk. target_sdk_version=30, uses_libraries=, library_path=/data/app/~~tlkgVMnVGfxiu_DHs8vGFQ==/com.kaspersky.kaspresso.tutorial.test-EEvBoa4Az5n5LnAff70__g==/lib/arm64, permitted_path=/data:/mnt/expand:/data/user/0/com.kaspersky.kaspresso.tutorial.test
06-10 10:50:51.704 21517 21517 V GraphicsEnvironment: Currently set values for:
06-10 10:50:51.704 21517 21517 V GraphicsEnvironment:   angle_gl_driver_selection_pkgs=[]
06-10 10:50:51.704 21517 21517 V GraphicsEnvironment:   angle_gl_driver_selection_values=[]
06-10 10:50:51.704 21517 21517 V GraphicsEnvironment: ANGLE GameManagerService for com.kaspersky.kaspresso.tutorial.test: false
06-10 10:50:51.704 21517 21517 V GraphicsEnvironment: com.kaspersky.kaspresso.tutorial.test is not listed in per-application setting
06-10 10:50:51.704 21517 21517 V GraphicsEnvironment: Neither updatable production driver nor prerelease driver is supported.
06-10 10:50:51.712 21517 21540 D libEGL  : loaded /vendor/lib64/egl/libEGL_emulation.so
06-10 10:50:51.713 21517 21540 D libEGL  : loaded /vendor/lib64/egl/libGLESv1_CM_emulation.so
06-10 10:50:51.714 21517 21540 D libEGL  : loaded /vendor/lib64/egl/libGLESv2_emulation.so
06-10 10:50:51.717 21517 21517 E o.tutorial.test: Invalid resource ID 0x00000000.
06-10 10:50:51.727 21517 21517 D CompatibilityChangeReporter: Compat change id reported: 237531167; UID 10306; state: DISABLED
06-10 10:50:51.728 21517 21517 W OpenGLRenderer: Unknown dataspace 0
06-10 10:50:51.739   385   942 W ServiceManagerCppClient: Permission failure: android.permission.ROTATE_SURFACE_FLINGER from uid=10306 pid=0
06-10 10:50:51.739   385   942 D PermissionCache: checking android.permission.ROTATE_SURFACE_FLINGER for uid=10306 => denied (117 us)
06-10 10:50:51.739   385   942 W ServiceManagerCppClient: Permission failure: android.permission.INTERNAL_SYSTEM_WINDOW from uid=10306 pid=0
06-10 10:50:51.739   385   942 D PermissionCache: checking android.permission.INTERNAL_SYSTEM_WINDOW for uid=10306 => denied (24 us)
06-10 10:50:51.739   385   942 W ServiceManagerCppClient: Permission failure: android.permission.ACCESS_SURFACE_FLINGER from uid=10306 pid=0
06-10 10:50:51.739   385   942 D PermissionCache: checking android.permission.ACCESS_SURFACE_FLINGER for uid=10306 => denied (171 us)
06-10 10:50:51.743 21517 21538 W OpenGLRenderer: Failed to choose config with EGL_SWAP_BEHAVIOR_PRESERVED, retrying without...
06-10 10:50:51.743 21517 21538 W OpenGLRenderer: Failed to initialize 101010-2 format, error = EGL_SUCCESS
06-10 10:50:51.748   157   157 I hwservicemanager: getTransport: Cannot find entry android.hardware.graphics.mapper@4.0::IMapper/default in either framework or device VINTF manifest.
06-10 10:50:51.748 21517 21538 I Gralloc4: mapper 4.x is not supported
06-10 10:50:51.752 21517 21538 E OpenGLRenderer: Unable to match the desired swap behavior.
06-10 10:50:51.763   522  4230 W ServiceManagerCppClient: Permission failure: android.permission.ROTATE_SURFACE_FLINGER from uid=10306 pid=0
06-10 10:50:51.763   522  4230 D PermissionCache: checking android.permission.ROTATE_SURFACE_FLINGER for uid=10306 => denied (63 us)
06-10 10:50:51.763   522  4230 W ServiceManagerCppClient: Permission failure: android.permission.INTERNAL_SYSTEM_WINDOW from uid=10306 pid=0
06-10 10:50:51.763   522  4230 D PermissionCache: checking android.permission.INTERNAL_SYSTEM_WINDOW for uid=10306 => denied (5 us)
06-10 10:50:51.763   522  4230 W ServiceManagerCppClient: Permission failure: android.permission.ACCESS_SURFACE_FLINGER from uid=10306 pid=0
06-10 10:50:51.763   522  4230 D PermissionCache: checking android.permission.ACCESS_SURFACE_FLINGER for uid=10306 => denied (3 us)
06-10 10:50:51.769   522  1725 W AppSearchIcing: icing-search-engine.cc:283: Error: 5, Message: Document (com.google.android.googlequicksearchbox$OneSearchZeroStateGoogleSuggestions/default, zp) not found.
06-10 10:50:51.769  1102  2255 E OneSearchSuggestProvider: Failed to fetch suggestions from AppSearch, fallback to AGA
06-10 10:50:51.769  1102  2255 E OneSearchSuggestProvider: java.util.concurrent.CompletionException: java.util.NoSuchElementException: No value present
06-10 10:50:51.769  1102  2255 E OneSearchSuggestProvider: 	at java.util.concurrent.CompletableFuture.encodeThrowable(CompletableFuture.java:308)
06-10 10:50:51.769  1102  2255 E OneSearchSuggestProvider: 	at java.util.concurrent.CompletableFuture.completeThrowable(CompletableFuture.java:323)
06-10 10:50:51.769  1102  2255 E OneSearchSuggestProvider: 	at java.util.concurrent.CompletableFuture$UniAccept.tryFire(CompletableFuture.java:684)
06-10 10:50:51.769  1102  2255 E OneSearchSuggestProvider: 	at java.util.concurrent.CompletableFuture.postComplete(CompletableFuture.java:486)
06-10 10:50:51.769  1102  2255 E OneSearchSuggestProvider: 	at java.util.concurrent.CompletableFuture.completeExceptionally(CompletableFuture.java:2138)
06-10 10:50:51.769  1102  2255 E OneSearchSuggestProvider: 	at com.google.android.apps.nexuslauncher.allapps.H0.onResult(Unknown Source:59)
06-10 10:50:51.769  1102  2255 E OneSearchSuggestProvider: 	at android.app.appsearch.SearchSessionUtil$1.lambda$onResult$0(SearchSessionUtil.java:129)
06-10 10:50:51.769  1102  2255 E OneSearchSuggestProvider: 	at android.app.appsearch.SearchSessionUtil$1.$r8$lambda$_nlk9WiPjSfaAsqKYmp0aPvSRC0(SearchSessionUtil.java:1)
06-10 10:50:51.769  1102  2255 E OneSearchSuggestProvider: 	at android.app.appsearch.SearchSessionUtil$1$$ExternalSyntheticLambda0.run(R8$$SyntheticClass:13)
06-10 10:50:51.769  1102  2255 E OneSearchSuggestProvider: 	at android.os.Handler.handleCallback(Handler.java:958)
06-10 10:50:51.769  1102  2255 E OneSearchSuggestProvider: 	at android.os.Handler.dispatchMessage(Handler.java:99)
06-10 10:50:51.769  1102  2255 E OneSearchSuggestProvider: 	at android.os.Looper.loopOnce(Looper.java:205)
06-10 10:50:51.769  1102  2255 E OneSearchSuggestProvider: 	at android.os.Looper.loop(Looper.java:294)
06-10 10:50:51.769  1102  2255 E OneSearchSuggestProvider: 	at android.os.HandlerThread.run(HandlerThread.java:67)
06-10 10:50:51.769  1102  2255 E OneSearchSuggestProvider: Caused by: java.util.NoSuchElementException: No value present
06-10 10:50:51.769  1102  2255 E OneSearchSuggestProvider: 	at java.util.Optional.get(Optional.java:144)
06-10 10:50:51.769  1102  2255 E OneSearchSuggestProvider: 	at com.google.android.apps.nexuslauncher.allapps.H0.onResult(Unknown Source:16)
06-10 10:50:51.769  1102  2255 E OneSearchSuggestProvider: 	... 8 more
06-10 10:50:51.770  1102  2255 D OneSearchSuggestProvider: Created the binder channel successfully for end point service =com.google.android.apps.search.googleapp.search.suggest.plugins.onesearch.server.OneSearchSuggestService , mChannel=z1{delegate=s1{logId=121, target=directaddress:///AndroidComponentAddress%5BIntent%20%7B%20act=grpc.io.action.BIND%20cmp=com.google.android.googlequicksearchbox/com.google.android.apps.search.googleapp.search.suggest.plugins.onesearch.server.OneSearchSuggestService%20%7D%5D}} , mOneSearchConnection=X1.T@2ac1121
06-10 10:50:51.773  9602  9729 E OpenGLRenderer: Unable to match the desired swap behavior.
06-10 10:50:51.774  1102  1149 D QuickstepModelDelegate: notifyAppTargetEvent action=1 launchLocation=workspace/0/[-1,-1]/[1,1]
06-10 10:50:51.776  1650  1976 I AiAiEcho: Predicting[0]:
06-10 10:50:51.776  1650  1976 I AiAiEcho: EchoTargets:
06-10 10:50:51.776  1650  1976 I AiAiEcho: Filtered by AiAi flag check:
06-10 10:50:51.776  1650  1976 I AiAiEcho: Ranked targets strategy: SORT, count: 0, ranking metadata:
06-10 10:50:51.776  1650  1976 I AiAiEcho: #postPredictionTargets: Sending updates to UISurface home with targets# 0 (types=[])
06-10 10:50:51.780  1102  1924 E OpenGLRenderer: Unable to match the desired swap behavior.
06-10 10:50:51.784  1694  1694 I GsaVoiceInteractionSrv: Handling ACTION_START_HOTWORD
06-10 10:50:51.788  9602  9602 I A       : (REDACTED) Created gRPC endpoint for service %s
06-10 10:50:51.790  1694  2108 I GsaVoiceInteractionSrv: (REDACTED) disregardVoiceMatch: %b
06-10 10:50:51.790  1694  2108 I GsaVoiceInteractionSrv: Cannot start hotword, hotword has been explicitly disabled.
06-10 10:50:51.793 25208 26344 I FontLog : (REDACTED) Received query %s, URI %s
06-10 10:50:51.793 25208 26344 I FontLog : (REDACTED) Query [%s] resolved to %s
06-10 10:50:51.794 25208 26344 I FontLog : (REDACTED) Fetch %s end status %s
06-10 10:50:51.798 25208 26344 I FontLog : (REDACTED) Pulling font file for id = %d, cache size = %d
06-10 10:50:51.806 21446 21446 D LifecycleMonitor: Lifecycle status change: com.kaspersky.kaspresso.tutorial.MainActivity@75df264 in: STOPPED
06-10 10:50:51.806 21446 21446 V ActivityScenario: Update currentActivityStage to STOPPED, currentActivity=com.kaspersky.kaspresso.tutorial.MainActivity@75df264
06-10 10:50:51.807   522   536 I ImeTracker: com.google.android.apps.nexuslauncher:3ae5fe92: onRequestHide at ORIGIN_SERVER_HIDE_INPUT reason HIDE_UNSPECIFIED_WINDOW
06-10 10:50:51.807   522   536 I ImeTracker: com.google.android.apps.nexuslauncher:3ae5fe92: onCancelled at PHASE_SERVER_SHOULD_HIDE
06-10 10:50:51.808 19212 19212 I GoogleInputMethodService: GoogleInputMethodService.onFinishInput():3227
06-10 10:50:51.808 19212 19212 I GoogleInputMethodService: GoogleInputMethodService.updateDeviceLockedStatus():2087 repeatCheckTimes = 0, unlocked = true
06-10 10:50:51.808 19212 19212 I GoogleInputMethodService: GoogleInputMethodService.onStartInput():1877 onStartInput(EditorInfo{inputType=0x0(NULL) imeOptions=0x0 privateImeOptions=null actionName=UNSPECIFIED actionLabel=null actionId=0 initialSelStart=-1 initialSelEnd=-1 initialCapsMode=0x0 hintText=null label=null packageName=com.google.android.apps.nexuslauncher fieldId=0 fieldName=null extras=null}, false)
06-10 10:50:51.808 19212 19212 I GoogleInputMethodService: GoogleInputMethodService.shouldHideHeaderOnInitialState():4008 ShouldHideHeaderOnInitialState = false
06-10 10:50:51.808 25208 26344 I FontLog : (REDACTED) Pulling font file for id = %d, cache size = %d
06-10 10:50:51.808 19212 19212 I GoogleInputMethodService: GoogleInputMethodService.updateDeviceLockedStatus():2087 repeatCheckTimes = 2, unlocked = true
06-10 10:50:51.810 21446 21446 D LifecycleMonitor: Lifecycle status change: com.kaspersky.kaspresso.tutorial.MainActivity@75df264 in: DESTROYED
06-10 10:50:51.810 21446 21446 V ActivityScenario: Update currentActivityStage to DESTROYED, currentActivity=null
06-10 10:50:51.810 21446 21446 W WindowOnBackDispatcher: sendCancelIfRunning: isInProgress=falsecallback=android.view.ViewRootImpl$$ExternalSyntheticLambda17@2f0396e
06-10 10:50:51.811 21446 21467 I TestRunner: finished: test(com.kaspersky.kaspresso.tutorial.AfterLoginActivityTest)
